                                 Started job on |	Jan 14 16:00:58
                             Started mapping on |	Jan 14 16:02:59
                                    Finished on |	Jan 14 16:03:02
       Mapping speed, Million of reads per hour |	0.60

                          Number of input reads |	500
                      Average input read length |	142
                                    UNIQUE READS:
                   Uniquely mapped reads number |	101
                        Uniquely mapped reads % |	20.20%
                          Average mapped length |	134.07
                       Number of splices: Total |	27
            Number of splices: Annotated (sjdb) |	24
                       Number of splices: GT/AG |	25
                       Number of splices: GC/AG |	0
                       Number of splices: AT/AC |	0
               Number of splices: Non-canonical |	2
                      Mismatch rate per base, % |	0.72%
                         Deletion rate per base |	0.01%
                        Deletion average length |	1.00
                        Insertion rate per base |	0.01%
                       Insertion average length |	1.00
                             MULTI-MAPPING READS:
        Number of reads mapped to multiple loci |	15
             % of reads mapped to multiple loci |	3.00%
        Number of reads mapped to too many loci |	7
             % of reads mapped to too many loci |	1.40%
                                  UNMAPPED READS:
  Number of reads unmapped: too many mismatches |	0
       % of reads unmapped: too many mismatches |	0.00%
            Number of reads unmapped: too short |	374
                 % of reads unmapped: too short |	74.80%
                Number of reads unmapped: other |	3
                     % of reads unmapped: other |	0.60%
                                  CHIMERIC READS:
                       Number of chimeric reads |	2
                            % of chimeric reads |	0.40%
