                                 Started job on |	Jan 14 15:34:37
                             Started mapping on |	Jan 14 15:36:57
                                    Finished on |	Jan 14 15:37:01
       Mapping speed, Million of reads per hour |	0.45

                          Number of input reads |	500
                      Average input read length |	74
                                    UNIQUE READS:
                   Uniquely mapped reads number |	238
                        Uniquely mapped reads % |	47.60%
                          Average mapped length |	73.48
                       Number of splices: Total |	47
            Number of splices: Annotated (sjdb) |	45
                       Number of splices: GT/AG |	46
                       Number of splices: GC/AG |	1
                       Number of splices: AT/AC |	0
               Number of splices: Non-canonical |	0
                      Mismatch rate per base, % |	0.71%
                         Deletion rate per base |	0.03%
                        Deletion average length |	1.20
                        Insertion rate per base |	0.06%
                       Insertion average length |	1.22
                             MULTI-MAPPING READS:
        Number of reads mapped to multiple loci |	38
             % of reads mapped to multiple loci |	7.60%
        Number of reads mapped to too many loci |	1
             % of reads mapped to too many loci |	0.20%
                                  UNMAPPED READS:
  Number of reads unmapped: too many mismatches |	0
       % of reads unmapped: too many mismatches |	0.00%
            Number of reads unmapped: too short |	216
                 % of reads unmapped: too short |	43.20%
                Number of reads unmapped: other |	7
                     % of reads unmapped: other |	1.40%
                                  CHIMERIC READS:
                       Number of chimeric reads |	4
                            % of chimeric reads |	0.80%
