                                 Started job on |	Jan 14 15:38:43
                             Started mapping on |	Jan 14 15:41:40
                                    Finished on |	Jan 14 15:41:43
       Mapping speed, Million of reads per hour |	0.60

                          Number of input reads |	500
                      Average input read length |	138
                                    UNIQUE READS:
                   Uniquely mapped reads number |	274
                        Uniquely mapped reads % |	54.80%
                          Average mapped length |	140.32
                       Number of splices: Total |	33
            Number of splices: Annotated (sjdb) |	30
                       Number of splices: GT/AG |	31
                       Number of splices: GC/AG |	0
                       Number of splices: AT/AC |	0
               Number of splices: Non-canonical |	2
                      Mismatch rate per base, % |	0.84%
                         Deletion rate per base |	0.31%
                        Deletion average length |	2.22
                        Insertion rate per base |	0.01%
                       Insertion average length |	1.00
                             MULTI-MAPPING READS:
        Number of reads mapped to multiple loci |	27
             % of reads mapped to multiple loci |	5.40%
        Number of reads mapped to too many loci |	4
             % of reads mapped to too many loci |	0.80%
                                  UNMAPPED READS:
  Number of reads unmapped: too many mismatches |	0
       % of reads unmapped: too many mismatches |	0.00%
            Number of reads unmapped: too short |	173
                 % of reads unmapped: too short |	34.60%
                Number of reads unmapped: other |	22
                     % of reads unmapped: other |	4.40%
                                  CHIMERIC READS:
                       Number of chimeric reads |	5
                            % of chimeric reads |	1.00%
