                                 Started job on |	Jan 14 16:46:01
                             Started mapping on |	Jan 14 16:46:20
                                    Finished on |	Jan 14 16:46:22
       Mapping speed, Million of reads per hour |	0.90

                          Number of input reads |	500
                      Average input read length |	75
                                    UNIQUE READS:
                   Uniquely mapped reads number |	65
                        Uniquely mapped reads % |	13.00%
                          Average mapped length |	73.06
                       Number of splices: Total |	4
            Number of splices: Annotated (sjdb) |	4
                       Number of splices: GT/AG |	4
                       Number of splices: GC/AG |	0
                       Number of splices: AT/AC |	0
               Number of splices: Non-canonical |	0
                      Mismatch rate per base, % |	1.68%
                         Deletion rate per base |	0.00%
                        Deletion average length |	0.00
                        Insertion rate per base |	0.00%
                       Insertion average length |	0.00
                             MULTI-MAPPING READS:
        Number of reads mapped to multiple loci |	19
             % of reads mapped to multiple loci |	3.80%
        Number of reads mapped to too many loci |	1
             % of reads mapped to too many loci |	0.20%
                                  UNMAPPED READS:
  Number of reads unmapped: too many mismatches |	0
       % of reads unmapped: too many mismatches |	0.00%
            Number of reads unmapped: too short |	295
                 % of reads unmapped: too short |	59.00%
                Number of reads unmapped: other |	120
                     % of reads unmapped: other |	24.00%
                                  CHIMERIC READS:
                       Number of chimeric reads |	0
                            % of chimeric reads |	0.00%
