                                 Started job on |	Jan 14 16:00:58
                             Started mapping on |	Jan 14 16:02:59
                                    Finished on |	Jan 14 16:03:01
       Mapping speed, Million of reads per hour |	0.90

                          Number of input reads |	500
                      Average input read length |	142
                                    UNIQUE READS:
                   Uniquely mapped reads number |	65
                        Uniquely mapped reads % |	13.00%
                          Average mapped length |	134.55
                       Number of splices: Total |	19
            Number of splices: Annotated (sjdb) |	14
                       Number of splices: GT/AG |	16
                       Number of splices: GC/AG |	0
                       Number of splices: AT/AC |	0
               Number of splices: Non-canonical |	3
                      Mismatch rate per base, % |	0.64%
                         Deletion rate per base |	0.18%
                        Deletion average length |	4.00
                        Insertion rate per base |	0.01%
                       Insertion average length |	1.00
                             MULTI-MAPPING READS:
        Number of reads mapped to multiple loci |	11
             % of reads mapped to multiple loci |	2.20%
        Number of reads mapped to too many loci |	9
             % of reads mapped to too many loci |	1.80%
                                  UNMAPPED READS:
  Number of reads unmapped: too many mismatches |	0
       % of reads unmapped: too many mismatches |	0.00%
            Number of reads unmapped: too short |	412
                 % of reads unmapped: too short |	82.40%
                Number of reads unmapped: other |	3
                     % of reads unmapped: other |	0.60%
                                  CHIMERIC READS:
                       Number of chimeric reads |	0
                            % of chimeric reads |	0.00%
