STAR version=2.7.11b
STAR compilation time,server,dir=2024-12-15T08:41:36+0000 :/opt/conda/conda-bld/star_1734251957083/work/source
##### Command Line:
/home/jverwilt/totalRNApipeline/.snakemake/conda/71941ca6609dc93434dedc91dcf317c2_/bin/STAR-avx2 --chimSegmentMin 10 --runThreadN 2 --genomeDir /home/jverwilt/resources/indexes/chm13/STAR_index --readFilesCommand gunzip -c --outSAMtype BAM SortedByCoordinate --outFileNamePrefix /home/jverwilt/totalRNApipeline/tests/output/v2_pe/sample2/03_map/sample2. --readFilesIn /home/jverwilt/totalRNApipeline/tests/output/v2_pe/sample2/01_combine/sample2_R1.fastq.gz /home/jverwilt/totalRNApipeline/tests/output/v2_pe/sample2/01_combine/sample2_R2.fastq.gz --outTmpDir /tmp/temp_star_sample2
##### Initial USER parameters from Command Line:
outFileNamePrefix                 /home/jverwilt/totalRNApipeline/tests/output/v2_pe/sample2/03_map/sample2.
outTmpDir                         /tmp/temp_star_sample2
###### All USER parameters from Command Line:
chimSegmentMin                10     ~RE-DEFINED
runThreadN                    2     ~RE-DEFINED
genomeDir                     /home/jverwilt/resources/indexes/chm13/STAR_index     ~RE-DEFINED
readFilesCommand              gunzip   -c        ~RE-DEFINED
outSAMtype                    BAM   SortedByCoordinate        ~RE-DEFINED
outFileNamePrefix             /home/jverwilt/totalRNApipeline/tests/output/v2_pe/sample2/03_map/sample2.     ~RE-DEFINED
readFilesIn                   /home/jverwilt/totalRNApipeline/tests/output/v2_pe/sample2/01_combine/sample2_R1.fastq.gz   /home/jverwilt/totalRNApipeline/tests/output/v2_pe/sample2/01_combine/sample2_R2.fastq.gz        ~RE-DEFINED
outTmpDir                     /tmp/temp_star_sample2     ~RE-DEFINED
##### Finished reading parameters from all sources

##### Final user re-defined parameters-----------------:
runThreadN                        2
genomeDir                         /home/jverwilt/resources/indexes/chm13/STAR_index
readFilesIn                       /home/jverwilt/totalRNApipeline/tests/output/v2_pe/sample2/01_combine/sample2_R1.fastq.gz   /home/jverwilt/totalRNApipeline/tests/output/v2_pe/sample2/01_combine/sample2_R2.fastq.gz   
readFilesCommand                  gunzip   -c   
outFileNamePrefix                 /home/jverwilt/totalRNApipeline/tests/output/v2_pe/sample2/03_map/sample2.
outTmpDir                         /tmp/temp_star_sample2
outSAMtype                        BAM   SortedByCoordinate   
chimSegmentMin                    10

-------------------------------
##### Final effective command line:
/home/jverwilt/totalRNApipeline/.snakemake/conda/71941ca6609dc93434dedc91dcf317c2_/bin/STAR-avx2   --runThreadN 2   --genomeDir /home/jverwilt/resources/indexes/chm13/STAR_index   --readFilesIn /home/jverwilt/totalRNApipeline/tests/output/v2_pe/sample2/01_combine/sample2_R1.fastq.gz   /home/jverwilt/totalRNApipeline/tests/output/v2_pe/sample2/01_combine/sample2_R2.fastq.gz      --readFilesCommand gunzip   -c      --outFileNamePrefix /home/jverwilt/totalRNApipeline/tests/output/v2_pe/sample2/03_map/sample2.   --outTmpDir /tmp/temp_star_sample2   --outSAMtype BAM   SortedByCoordinate      --chimSegmentMin 10
----------------------------------------

Number of fastq files for each mate = 1

   Input read files for mate 1 :
-rw-rw-r-- 1 jverwilt jverwilt 21019 Jan 14 15:38 /home/jverwilt/totalRNApipeline/tests/output/v2_pe/sample2/01_combine/sample2_R1.fastq.gz

   readsCommandsFile:
exec > "/tmp/temp_star_sample2/tmp.fifo.read1"
echo FILE 0
gunzip   -c      "/home/jverwilt/totalRNApipeline/tests/output/v2_pe/sample2/01_combine/sample2_R1.fastq.gz"


   Input read files for mate 2 :
-rw-rw-r-- 1 jverwilt jverwilt 21943 Jan 14 15:38 /home/jverwilt/totalRNApipeline/tests/output/v2_pe/sample2/01_combine/sample2_R2.fastq.gz

   readsCommandsFile:
exec > "/tmp/temp_star_sample2/tmp.fifo.read2"
echo FILE 0
gunzip   -c      "/home/jverwilt/totalRNApipeline/tests/output/v2_pe/sample2/01_combine/sample2_R2.fastq.gz"

ParametersSolo: --soloCellFilterType CellRanger2.2 filtering parameters:  3000 0.99 10
WARNING: --limitBAMsortRAM=0, will use genome size as RAM limit for BAM sorting
Finished loading and checking parameters
Reading genome generation parameters:
### /home/jverwilt/miniconda3/bin/STAR-avx2   --runMode genomeGenerate      --runThreadN 1   --genomeDir STAR_index   --genomeFastaFiles ../../genome/chm13/chm13_MT_spikes.fa      --sjdbGTFfile ../../gtf/chm13/chm13_MT_spikes.gtf
### GstrandBit=32
versionGenome                 2.7.4a     ~RE-DEFINED
genomeType                    Full     ~RE-DEFINED
genomeFastaFiles              ../../genome/chm13/chm13_MT_spikes.fa        ~RE-DEFINED
genomeSAindexNbases           14     ~RE-DEFINED
genomeChrBinNbits             18     ~RE-DEFINED
genomeSAsparseD               1     ~RE-DEFINED
genomeTransformType           None     ~RE-DEFINED
genomeTransformVCF            -     ~RE-DEFINED
sjdbOverhang                  100     ~RE-DEFINED
sjdbFileChrStartEnd           -        ~RE-DEFINED
sjdbGTFfile                   ../../gtf/chm13/chm13_MT_spikes.gtf     ~RE-DEFINED
sjdbGTFchrPrefix              -     ~RE-DEFINED
sjdbGTFfeatureExon            exon     ~RE-DEFINED
sjdbGTFtagExonParentTranscripttranscript_id     ~RE-DEFINED
sjdbGTFtagExonParentGene      gene_id     ~RE-DEFINED
sjdbInsertSave                Basic     ~RE-DEFINED
genomeFileSizes               3234190625   26449916612        ~RE-DEFINED
Genome version is compatible with current STAR
Number of real (reference) chromosomes= 118
1	1	248387328	0
2	2	242696752	248512512
3	3	201105948	491257856
4	4	193574945	692584448
5	5	182045439	886308864
6	6	172126628	1068498944
7	7	160567428	1240727552
8	X	154259566	1401421824
9	9	150617247	1555824640
10	8	146259331	1706557440
11	11	135127769	1852833792
12	10	134758134	1988100096
13	12	133324548	2123104256
14	13	113566686	2256535552
15	14	101161492	2370306048
16	15	99753195	2471493632
17	16	96330374	2571370496
18	17	84276897	2667839488
19	18	80542538	2752249856
20	20	66210255	2832990208
21	Y	62460029	2899312640
22	19	61707364	2961965056
23	22	51324926	3023831040
24	21	45090682	3075211264
25	ERCC-00002	1036	3120562176
26	ERCC-00003	996	3120824320
27	ERCC-00004	491	3121086464
28	ERCC-00009	957	3121348608
29	ERCC-00012	969	3121610752
30	ERCC-00013	779	3121872896
31	ERCC-00014	1903	3122135040
32	ERCC-00016	811	3122397184
33	ERCC-00017	1106	3122659328
34	ERCC-00019	616	3122921472
35	ERCC-00022	722	3123183616
36	ERCC-00024	506	3123445760
37	ERCC-00025	1958	3123707904
38	ERCC-00028	1098	3123970048
39	ERCC-00031	1112	3124232192
40	ERCC-00033	1968	3124494336
41	ERCC-00034	987	3124756480
42	ERCC-00035	1094	3125018624
43	ERCC-00039	715	3125280768
44	ERCC-00040	716	3125542912
45	ERCC-00041	1085	3125805056
46	ERCC-00042	993	3126067200
47	ERCC-00043	983	3126329344
48	ERCC-00044	1126	3126591488
49	ERCC-00046	494	3126853632
50	ERCC-00048	960	3127115776
51	ERCC-00051	248	3127377920
52	ERCC-00053	990	3127640064
53	ERCC-00054	245	3127902208
54	ERCC-00057	994	3128164352
55	ERCC-00058	1106	3128426496
56	ERCC-00059	498	3128688640
57	ERCC-00060	483	3128950784
58	ERCC-00061	1097	3129212928
59	ERCC-00062	993	3129475072
60	ERCC-00067	615	3129737216
61	ERCC-00069	1107	3129999360
62	ERCC-00071	616	3130261504
63	ERCC-00073	578	3130523648
64	ERCC-00074	496	3130785792
65	ERCC-00075	997	3131047936
66	ERCC-00076	615	3131310080
67	ERCC-00077	245	3131572224
68	ERCC-00078	966	3131834368
69	ERCC-00079	617	3132096512
70	ERCC-00081	505	3132358656
71	ERCC-00083	988	3132620800
72	ERCC-00084	961	3132882944
73	ERCC-00085	812	3133145088
74	ERCC-00086	982	3133407232
75	ERCC-00092	1094	3133669376
76	ERCC-00095	495	3133931520
77	ERCC-00096	1078	3134193664
78	ERCC-00097	494	3134455808
79	ERCC-00098	1111	3134717952
80	ERCC-00099	1310	3134980096
81	ERCC-00104	2002	3135242240
82	ERCC-00108	993	3135504384
83	ERCC-00109	506	3135766528
84	ERCC-00111	965	3136028672
85	ERCC-00112	1099	3136290816
86	ERCC-00113	806	3136552960
87	ERCC-00116	1957	3136815104
88	ERCC-00117	1106	3137077248
89	ERCC-00120	509	3137339392
90	ERCC-00123	991	3137601536
91	ERCC-00126	1085	3137863680
92	ERCC-00130	1026	3138125824
93	ERCC-00131	744	3138387968
94	ERCC-00134	249	3138650112
95	ERCC-00136	1004	3138912256
96	ERCC-00137	513	3139174400
97	ERCC-00138	989	3139436544
98	ERCC-00142	468	3139698688
99	ERCC-00143	758	3139960832
100	ERCC-00144	509	3140222976
101	ERCC-00145	1011	3140485120
102	ERCC-00147	990	3140747264
103	ERCC-00148	470	3141009408
104	ERCC-00150	716	3141271552
105	ERCC-00154	512	3141533696
106	ERCC-00156	466	3141795840
107	ERCC-00157	994	3142057984
108	ERCC-00158	992	3142320128
109	ERCC-00160	715	3142582272
110	ERCC-00162	494	3142844416
111	ERCC-00163	512	3143106560
112	ERCC-00164	981	3143368704
113	ERCC-00165	842	3143630848
114	ERCC-00168	989	3143892992
115	ERCC-00170	987	3144155136
116	ERCC-00171	479	3144417280
117	chrIS	10567884	3144679424
118	MT	16569	3155427328
--sjdbOverhang = 100 taken from the generated genome
Started loading the genome: Tue Jan 14 15:38:43 2025

Genome: size given as a parameter = 3234190625
SA: size given as a parameter = 26449916612
SAindex: size given as a parameter = 1
Read from SAindex: pGe.gSAindexNbases=14  nSAi=357913940
nGenome=3234190625;  nSAbyte=26449916612
GstrandBit=32   SA number of indices=6412100996
Shared memory is not used for genomes. Allocated a private copy of the genome.
Genome file size: 3234190625 bytes; state: good=1 eof=0 fail=0 bad=0
Loading Genome ... done! state: good=1 eof=0 fail=0 bad=0; loaded 3234190625 bytes
SA file size: 26449916612 bytes; state: good=1 eof=0 fail=0 bad=0
Loading SA ... done! state: good=1 eof=0 fail=0 bad=0; loaded 26449916612 bytes
Loading SAindex ... done: 1565873619 bytes
Finished loading the genome: Tue Jan 14 15:41:39 2025

Processing splice junctions database sjdbN=390553,   pGe.sjdbOverhang=100 
alignIntronMax=alignMatesGapMax=0, the max intron size will be approximately determined by (2^winBinNbits)*winAnchorDistNbins=589824
Opening the file: /tmp/temp_star_sample2//Chimeric.out.junction.thread0 ... ok
Opening the file: /tmp/temp_star_sample2//Chimeric.out.junction.thread1 ... ok
Created thread # 1
Starting to map file # 0
mate 1:   /home/jverwilt/totalRNApipeline/tests/output/v2_pe/sample2/01_combine/sample2_R1.fastq.gz
mate 2:   /home/jverwilt/totalRNApipeline/tests/output/v2_pe/sample2/01_combine/sample2_R2.fastq.gz
Thread #0 end of input stream, nextChar=-1
Completed: thread #1
BAM sorting: 690 mapped reads
BAM sorting bins genomic start loci:
1	0	16294343
2	0	16549822
3	0	26310525
4	0	90783498
5	0	143505827
6	0	153661237
7	0	236282479
8	1	97954128
9	1	192173402
10	1	236474520
11	2	56785154
12	2	153939145
13	2	188594620
14	3	125514908
15	4	1738005
16	4	65043327
17	4	147933160
18	5	52835329
19	5	127168515
20	6	30641464
21	6	70285221
22	6	115832486
23	7	52685960
24	8	150051468
25	9	103099132
26	10	34208937
27	10	65427092
28	10	79217950
29	11	69632003
30	12	15590336
31	12	104610386
32	13	35405321
33	14	14540046
34	14	43784916
35	14	67411845
36	14	100957202
37	15	80620373
38	16	16866756
39	16	75040566
40	17	19011838
41	17	44122413
42	17	47410717
43	18	54391328
44	20	1366208
45	21	9687527
46	21	39141031
47	22	41812258
48	117	1997
Completed: thread #0
Joined thread # 1
Jan 14 15:41:40 ..... finished mapping
RAM after mapping:
VmPeak:	30983324 kB; VmSize:	30917864 kB; VmHWM:	30739604 kB; VmRSS:	30739604 kB; 
RAM after freeing genome index memory:
VmPeak:	30983324 kB; VmSize:	  400296 kB; VmHWM:	30739604 kB; VmRSS:	  222188 kB; 
Jan 14 15:41:43 ..... started sorting BAM
Max memory needed for sorting = 4317
ALL DONE!
