                                 Started job on |	Jan 14 15:38:43
                             Started mapping on |	Jan 14 15:41:40
                                    Finished on |	Jan 14 15:41:43
       Mapping speed, Million of reads per hour |	0.60

                          Number of input reads |	500
                      Average input read length |	137
                                    UNIQUE READS:
                   Uniquely mapped reads number |	266
                        Uniquely mapped reads % |	53.20%
                          Average mapped length |	139.89
                       Number of splices: Total |	48
            Number of splices: Annotated (sjdb) |	44
                       Number of splices: GT/AG |	45
                       Number of splices: GC/AG |	0
                       Number of splices: AT/AC |	0
               Number of splices: Non-canonical |	3
                      Mismatch rate per base, % |	1.00%
                         Deletion rate per base |	0.27%
                        Deletion average length |	2.27
                        Insertion rate per base |	0.01%
                       Insertion average length |	1.25
                             MULTI-MAPPING READS:
        Number of reads mapped to multiple loci |	21
             % of reads mapped to multiple loci |	4.20%
        Number of reads mapped to too many loci |	5
             % of reads mapped to too many loci |	1.00%
                                  UNMAPPED READS:
  Number of reads unmapped: too many mismatches |	0
       % of reads unmapped: too many mismatches |	0.00%
            Number of reads unmapped: too short |	176
                 % of reads unmapped: too short |	35.20%
                Number of reads unmapped: other |	32
                     % of reads unmapped: other |	6.40%
                                  CHIMERIC READS:
                       Number of chimeric reads |	0
                            % of chimeric reads |	0.00%
