                                 Started job on |	Jan 14 16:46:01
                             Started mapping on |	Jan 14 16:46:20
                                    Finished on |	Jan 14 16:46:23
       Mapping speed, Million of reads per hour |	0.60

                          Number of input reads |	500
                      Average input read length |	75
                                    UNIQUE READS:
                   Uniquely mapped reads number |	104
                        Uniquely mapped reads % |	20.80%
                          Average mapped length |	73.52
                       Number of splices: Total |	10
            Number of splices: Annotated (sjdb) |	10
                       Number of splices: GT/AG |	10
                       Number of splices: GC/AG |	0
                       Number of splices: AT/AC |	0
               Number of splices: Non-canonical |	0
                      Mismatch rate per base, % |	0.92%
                         Deletion rate per base |	0.01%
                        Deletion average length |	1.00
                        Insertion rate per base |	0.01%
                       Insertion average length |	1.00
                             MULTI-MAPPING READS:
        Number of reads mapped to multiple loci |	17
             % of reads mapped to multiple loci |	3.40%
        Number of reads mapped to too many loci |	6
             % of reads mapped to too many loci |	1.20%
                                  UNMAPPED READS:
  Number of reads unmapped: too many mismatches |	0
       % of reads unmapped: too many mismatches |	0.00%
            Number of reads unmapped: too short |	258
                 % of reads unmapped: too short |	51.60%
                Number of reads unmapped: other |	115
                     % of reads unmapped: other |	23.00%
                                  CHIMERIC READS:
                       Number of chimeric reads |	0
                            % of chimeric reads |	0.00%
