                                 Started job on |	Jan 14 15:34:37
                             Started mapping on |	Jan 14 15:36:57
                                    Finished on |	Jan 14 15:37:01
       Mapping speed, Million of reads per hour |	0.45

                          Number of input reads |	500
                      Average input read length |	69
                                    UNIQUE READS:
                   Uniquely mapped reads number |	288
                        Uniquely mapped reads % |	57.60%
                          Average mapped length |	71.30
                       Number of splices: Total |	15
            Number of splices: Annotated (sjdb) |	13
                       Number of splices: GT/AG |	13
                       Number of splices: GC/AG |	1
                       Number of splices: AT/AC |	0
               Number of splices: Non-canonical |	1
                      Mismatch rate per base, % |	1.11%
                         Deletion rate per base |	0.30%
                        Deletion average length |	2.14
                        Insertion rate per base |	0.04%
                       Insertion average length |	1.50
                             MULTI-MAPPING READS:
        Number of reads mapped to multiple loci |	27
             % of reads mapped to multiple loci |	5.40%
        Number of reads mapped to too many loci |	5
             % of reads mapped to too many loci |	1.00%
                                  UNMAPPED READS:
  Number of reads unmapped: too many mismatches |	0
       % of reads unmapped: too many mismatches |	0.00%
            Number of reads unmapped: too short |	126
                 % of reads unmapped: too short |	25.20%
                Number of reads unmapped: other |	54
                     % of reads unmapped: other |	10.80%
                                  CHIMERIC READS:
                       Number of chimeric reads |	4
                            % of chimeric reads |	0.80%
